../Core/Src/main.c:92:5:main	8	static
../Core/Src/main.c:172:6:SystemClock_Config	96	static
../Core/Src/main.c:223:13:MX_DAC1_Init	48	static
../Core/Src/main.c:275:13:MX_TIM2_Init	40	static
../Core/Src/main.c:317:13:MX_DMA_Init	16	static
../Core/Src/main.c:339:13:MX_GPIO_Init	40	static
../Core/Src/main.c:402:6:HAL_GPIO_EXTI_Callback	24	static
../Core/Src/main.c:432:6:generateSaw	32	static
../Core/Src/main.c:438:6:generateTriangle	32	static
../Core/Src/main.c:450:6:generateSin	40	static
../Core/Src/main.c:468:6:Error_Handler	4	static,ignoring_inline_asm
