../Core/Src/main.c:84:5:main	8	static
../Core/Src/main.c:159:6:SystemClock_Config	96	static
../Core/Src/main.c:210:13:MX_DAC1_Init	48	static
../Core/Src/main.c:261:13:MX_TIM2_Init	40	static
../Core/Src/main.c:303:13:MX_DMA_Init	16	static
../Core/Src/main.c:322:13:MX_GPIO_Init	40	static
../Core/Src/main.c:369:6:HAL_TIM_PeriodElapsedCallback	16	static
../Core/Src/main.c:384:6:HAL_GPIO_EXTI_Callback	16	static
../Core/Src/main.c:407:6:generateSaw	32	static
../Core/Src/main.c:413:6:generateTriangle	32	static
../Core/Src/main.c:425:6:generateSin	40	static
../Core/Src/main.c:439:6:Error_Handler	4	static,ignoring_inline_asm
